Added Pin To Net: NetName=3.3V Pin=A1-10
Added Pin To Net: NetName=3.3V Pin=C11-1
Added Pin To Net: NetName=3.3V Pin=C12-2
Added Pin To Net: NetName=3.3V Pin=C13-2
Added Pin To Net: NetName=3.3V Pin=C14-2
Added Pin To Net: NetName=3.3V Pin=C15-2
Added Pin To Net: NetName=3.3V Pin=D6-1
Added Pin To Net: NetName=3.3V Pin=IC1-2
Added Pin To Net: NetName=3.3V Pin=IC1-4
Added Pin To Net: NetName=3.3V Pin=J1-2
Added Pin To Net: NetName=3.3V Pin=J3-6
Added Pin To Net: NetName=3.3V Pin=J3-20
Added Pin To Net: NetName=3.3V Pin=R6-2
Added Pin To Net: NetName=3.3V Pin=R16-1
Added Pin To Net: NetName=3.3V Pin=R17-2
Added Pin To Net: NetName=3.3V Pin=R18-1
Added Pin To Net: NetName=3.3V Pin=R19-1
Added Pin To Net: NetName=3.3V Pin=R20-1
Added Pin To Net: NetName=3.3V Pin=R21-1
Added Pin To Net: NetName=3.3V Pin=R22-1
Added Pin To Net: NetName=3.3V Pin=R25-1
Added Pin To Net: NetName=3.3V Pin=R26-1
Added Pin To Net: NetName=3.3V Pin=R27-1
Added Pin To Net: NetName=3.3V Pin=R28-1
Added Pin To Net: NetName=3.3V Pin=R29-1
Added Pin To Net: NetName=3.3V Pin=R30-1
Added Pin To Net: NetName=3.3V Pin=R32-2
Added Pin To Net: NetName=3.3V Pin=R33-2
Added Pin To Net: NetName=3.3V Pin=R34-2
Added Pin To Net: NetName=3.3V Pin=R35-2
Added Pin To Net: NetName=3.3V Pin=TP3-TP1
Added Net: Name=3.3V
